Error: Timed out waiting 120000ms from config.webServer.

